UCKK Ops Console — log technique

Début : 2026-09-24 23:32:01
Action : Synchroniser source vers Moodle local
Domaine : local
Cible : dossier exécuté par Moodle local

Entrées
-------
[2026-09-24 23:32:01] [INFO] Réussi — la source a été copiée vers Moodle local. 1043 fichier(s) copiés, 2835 ignoré(s).
Données :
{
  "success": true,
  "status": "Réussi",
  "action": "Synchroniser source vers Moodle local",
  "domain": "local",
  "target": "dossier exécuté par Moodle local",
  "dangerLevel": 2,
  "mode": "application",
  "summary": "Réussi — la source a été copiée vers Moodle local. 1043 fichier(s) copiés, 2835 ignoré(s).",
  "warnings": [],
  "errors": [],
  "nextStep": "Purger les caches locaux, puis ouvrir Moodle local.",
  "reportPath": "",
  "logPath": "",
  "data": {
    "source": "C:\\mycode\\UCKK\\uckk-moodle",
    "target": "C:\\mycode\\UCKK\\moodle\\moodle\\public",
    "simulation": false,
    "copied": 1043,
    "skipped": 2835,
    "failed": 0,
    "failureItems": []
  },
  "steps": [
    {
      "name": "Vérifier source locale",
      "status": "Réussi",
      "summary": "Source locale trouvée.",
      "detail": "C:\\mycode\\UCKK\\uckk-moodle",
      "data": null,
      "timestamp": "2026-09-24 23:31:57"
    },
    {
      "name": "Vérifier cible Moodle locale",
      "status": "Réussi",
      "summary": "Cible locale trouvée.",
      "detail": "C:\\mycode\\UCKK\\moodle\\moodle\\public",
      "data": null,
      "timestamp": "2026-09-24 23:31:57"
    },
    {
      "name": "Copier fichiers",
      "status": "Réussi",
      "summary": "1043 fichier(s) traité(s), 2835 ignoré(s).",
      "detail": "",
      "data": {
        "source": "C:\\mycode\\UCKK\\uckk-moodle",
        "target": "C:\\mycode\\UCKK\\moodle\\moodle\\public",
        "simulation": false,
        "copied": 1043,
        "skipped": 2835,
        "failed": 0,
        "failureItems": []
      },
      "timestamp": "2026-09-24 23:32:01"
    }
  ],
  "startedAt": "2026-09-24 23:31:57",
  "finishedAt": "2026-09-24 23:32:01",
  "durationSeconds": 4.0
}


Fin
---
Fin : 2026-09-24 23:32:01
Statut : Terminé
Résumé : Réussi — la source a été copiée vers Moodle local. 1043 fichier(s) copiés, 2835 ignoré(s).

