UCKK Ops Console — log technique

Début : 2026-09-25 11:54:23
Action : Vérifier fichiers JSON Moodle
Domaine : moodle-data
Cible : fichiers JSON Moodle

Entrées
-------
[2026-09-25 11:54:23] [INFO] Les fichiers JSON Moodle sont valides.
Données :
{
  "success": true,
  "status": "Réussi",
  "action": "Vérifier fichiers JSON Moodle",
  "domain": "moodle-data",
  "target": "local",
  "dangerLevel": 1,
  "mode": "vérification",
  "summary": "Les fichiers JSON Moodle sont valides.",
  "warnings": [],
  "errors": [],
  "nextStep": "Lancer une simulation avant application.",
  "reportPath": "",
  "logPath": "",
  "data": {
    "results": [
      {
        "domain": "categories",
        "label": "catégories",
        "path": "C:\\mycode\\UCKK\\uckk-moodle\\academic_registry_json\\categories.json",
        "result": {
          "success": true,
          "status": "Réussi",
          "action": "Vérifier fichier JSON",
          "domain": "configuration",
          "target": "C:\\mycode\\UCKK\\uckk-moodle\\academic_registry_json\\categories.json",
          "dangerLevel": 1,
          "mode": "vérification",
          "summary": "JSON valide : C:\\mycode\\UCKK\\uckk-moodle\\academic_registry_json\\categories.json",
          "warnings": [],
          "errors": [],
          "nextStep": "Aucune action requise.",
          "reportPath": null,
          "logPath": null,
          "data": {
            "path": "C:\\mycode\\UCKK\\uckk-moodle\\academic_registry_json\\categories.json"
          }
        }
      },
      {
        "domain": "courses",
        "label": "cours",
        "path": "C:\\mycode\\UCKK\\uckk-moodle\\academic_registry_json\\courses.json",
        "result": {
          "success": true,
          "status": "Réussi",
          "action": "Vérifier fichier JSON",
          "domain": "configuration",
          "target": "C:\\mycode\\UCKK\\uckk-moodle\\academic_registry_json\\courses.json",
          "dangerLevel": 1,
          "mode": "vérification",
          "summary": "JSON valide : C:\\mycode\\UCKK\\uckk-moodle\\academic_registry_json\\courses.json",
          "warnings": [],
          "errors": [],
          "nextStep": "Aucune action requise.",
          "reportPath": null,
          "logPath": null,
          "data": {
            "path": "C:\\mycode\\UCKK\\uckk-moodle\\academic_registry_json\\courses.json"
          }
        }
      },
      {
        "domain": "programs",
        "label": "programmes",
        "path": "C:\\mycode\\UCKK\\uckk-moodle\\academic_registry_json\\programs.json",
        "result": {
          "success": true,
          "status": "Réussi",
          "action": "Vérifier fichier JSON",
          "domain": "configuration",
          "target": "C:\\mycode\\UCKK\\uckk-moodle\\academic_registry_json\\programs.json",
          "dangerLevel": 1,
          "mode": "vérification",
          "summary": "JSON valide : C:\\mycode\\UCKK\\uckk-moodle\\academic_registry_json\\programs.json",
          "warnings": [],
          "errors": [],
          "nextStep": "Aucune action requise.",
          "reportPath": null,
          "logPath": null,
          "data": {
            "path": "C:\\mycode\\UCKK\\uckk-moodle\\academic_registry_json\\programs.json"
          }
        }
      },
      {
        "domain": "pathways",
        "label": "parcours",
        "path": "C:\\mycode\\UCKK\\uckk-moodle\\academic_registry_json\\pathways.json",
        "result": {
          "success": true,
          "status": "Réussi",
          "action": "Vérifier fichier JSON",
          "domain": "configuration",
          "target": "C:\\mycode\\UCKK\\uckk-moodle\\academic_registry_json\\pathways.json",
          "dangerLevel": 1,
          "mode": "vérification",
          "summary": "JSON valide : C:\\mycode\\UCKK\\uckk-moodle\\academic_registry_json\\pathways.json",
          "warnings": [],
          "errors": [],
          "nextStep": "Aucune action requise.",
          "reportPath": null,
          "logPath": null,
          "data": {
            "path": "C:\\mycode\\UCKK\\uckk-moodle\\academic_registry_json\\pathways.json"
          }
        }
      }
    ],
    "target": "local"
  }
}


Fin
---
Fin : 2026-09-25 11:54:23
Statut : Terminé
Résumé : Les fichiers JSON Moodle sont valides.

