UCKK Ops Console — log technique

Début : 2026-09-24 23:32:37
Action : Mettre à jour Moodle local
Domaine : local
Cible : base Moodle locale

Entrées
-------
[2026-09-24 23:32:37] [INFO] Réussi — Moodle local est à jour. Racine CLI utilisée : C:\mycode\UCKK\moodle\moodle
Données :
{
  "success": true,
  "status": "Réussi",
  "action": "Mettre à jour Moodle local",
  "domain": "local",
  "target": "base Moodle locale",
  "dangerLevel": 3,
  "mode": "application",
  "summary": "Réussi — Moodle local est à jour. Racine CLI utilisée : C:\\mycode\\UCKK\\moodle\\moodle",
  "warnings": [],
  "errors": [],
  "nextStep": "Purger les caches locaux puis démarrer Moodle local.",
  "reportPath": "",
  "logPath": "",
  "data": {
    "phpBinary": "php",
    "cliContext": {
      "success": true,
      "scriptRelativePath": "admin/cli/upgrade.php",
      "cliRoot": "C:\\mycode\\UCKK\\moodle\\moodle",
      "scriptPath": "C:\\mycode\\UCKK\\moodle\\moodle\\admin\\cli\\upgrade.php",
      "localMoodleRoot": "C:\\mycode\\UCKK\\moodle\\moodle",
      "localMoodleRuntime": "C:\\mycode\\UCKK\\moodle\\moodle\\public",
      "candidateRoots": [
        "C:\\mycode\\UCKK\\moodle\\moodle",
        "C:\\mycode\\UCKK\\moodle\\moodle\\public"
      ],
      "probes": [
        {
          "root": "C:\\mycode\\UCKK\\moodle\\moodle",
          "script": "C:\\mycode\\UCKK\\moodle\\moodle\\admin\\cli\\upgrade.php",
          "scriptExists": true,
          "rootExists": true
        },
        {
          "root": "C:\\mycode\\UCKK\\moodle\\moodle\\public",
          "script": "C:\\mycode\\UCKK\\moodle\\moodle\\public\\admin\\cli\\upgrade.php",
          "scriptExists": false,
          "rootExists": true
        }
      ],
      "configProbes": [
        {
          "path": "C:\\mycode\\UCKK\\moodle\\moodle\\config.php",
          "exists": true
        },
        {
          "path": "C:\\mycode\\UCKK\\moodle\\moodle\\public\\config.php",
          "exists": true
        }
      ]
    },
    "releaseInfo": {
      "success": true,
      "versionFile": "C:\\mycode\\UCKK\\moodle\\moodle\\public\\version.php",
      "versionFileCandidates": [
        "C:\\mycode\\UCKK\\moodle\\moodle\\public\\version.php",
        "C:\\mycode\\UCKK\\moodle\\moodle\\version.php"
      ],
      "version": "2026042003.01",
      "release": "5.2.3+ (Build: 20260916)",
      "branch": "502",
      "maturity": "MATURITY_STABLE",
      "isUnstable": false,
      "allowUnstableRequired": false,
      "parseMethod": "line-assignment",
      "parseError": ""
    },
    "upgradeArguments": [
      "C:\\mycode\\UCKK\\moodle\\moodle\\admin\\cli\\upgrade.php",
      "--non-interactive"
    ],
    "process": {
      "success": true,
      "timedOut": false,
      "exitCode": 0,
      "stdout": "-->theme_ucc\n++ Succès (0,15 secondes) ++\n-->theme_ucmath\n++ Succès (0,12 secondes) ++\n-->local_uckk\n++ Succès (0,19 secondes) ++\n== Réglage des nouvelles valeurs par défaut ==\r\nMise à jour en ligne de commande de la version 5.2.3+ (Build: 20260916) (2026042003.01) à la version 5.2.3+ (Build: 20260916) (2026042003.01) terminée avec succès.\n",
      "stderr": "",
      "filePath": "php",
      "arguments": [
        "C:\\mycode\\UCKK\\moodle\\moodle\\admin\\cli\\upgrade.php",
        "--non-interactive"
      ],
      "workingDir": "C:\\mycode\\UCKK\\moodle\\moodle",
      "timeoutSeconds": 600,
      "commandLine": "php C:\\mycode\\UCKK\\moodle\\moodle\\admin\\cli\\upgrade.php --non-interactive",
      "startedAt": "2026-09-24 23:32:07.183",
      "finishedAt": "2026-09-24 23:32:37.608",
      "durationSeconds": 30.425
    }
  },
  "steps": [
    {
      "name": "Résoudre racine CLI Moodle",
      "status": "Réussi",
      "summary": "Script upgrade Moodle trouvé.",
      "detail": "Racine code Moodle : C:\\mycode\\UCKK\\moodle\\moodle\r\nWebroot Moodle : C:\\mycode\\UCKK\\moodle\\moodle\\public\r\nScript demandé : admin/cli/upgrade.php\r\nRacine CLI retenue : C:\\mycode\\UCKK\\moodle\\moodle\r\nScript retenu : C:\\mycode\\UCKK\\moodle\\moodle\\admin\\cli\\upgrade.php\r\nversion.php retenu : C:\\mycode\\UCKK\\moodle\\moodle\\public\\version.php\r\nVersion Moodle : 2026042003.01\r\nRelease Moodle : 5.2.3+ (Build: 20260916)\r\nMaturité Moodle : MATURITY_STABLE\r\n--allow-unstable requis : False\r\nMéthode de lecture version.php : line-assignment\r\n\r\nCandidats testés :\r\n- C:\\mycode\\UCKK\\moodle\\moodle\\admin\\cli\\upgrade.php => trouvé\r\n- C:\\mycode\\UCKK\\moodle\\moodle\\public\\admin\\cli\\upgrade.php => absent",
      "data": {
        "success": true,
        "scriptRelativePath": "admin/cli/upgrade.php",
        "cliRoot": "C:\\mycode\\UCKK\\moodle\\moodle",
        "scriptPath": "C:\\mycode\\UCKK\\moodle\\moodle\\admin\\cli\\upgrade.php",
        "localMoodleRoot": "C:\\mycode\\UCKK\\moodle\\moodle",
        "localMoodleRuntime": "C:\\mycode\\UCKK\\moodle\\moodle\\public",
        "candidateRoots": [
          "C:\\mycode\\UCKK\\moodle\\moodle",
          "C:\\mycode\\UCKK\\moodle\\moodle\\public"
        ],
        "probes": [
          {
            "root": "C:\\mycode\\UCKK\\moodle\\moodle",
            "script": "C:\\mycode\\UCKK\\moodle\\moodle\\admin\\cli\\upgrade.php",
            "scriptExists": true,
            "rootExists": true
          },
          {
            "root": "C:\\mycode\\UCKK\\moodle\\moodle\\public",
            "script": "C:\\mycode\\UCKK\\moodle\\moodle\\public\\admin\\cli\\upgrade.php",
            "scriptExists": false,
            "rootExists": true
          }
        ],
        "configProbes": [
          {
            "path": "C:\\mycode\\UCKK\\moodle\\moodle\\config.php",
            "exists": true
          },
          {
            "path": "C:\\mycode\\UCKK\\moodle\\moodle\\public\\config.php",
            "exists": true
          }
        ]
      },
      "timestamp": "2026-09-24 23:32:07"
    },
    {
      "name": "Exécuter upgrade Moodle local",
      "status": "Réussi",
      "summary": "Upgrade Moodle local terminé.",
      "detail": "Commande : php C:\\mycode\\UCKK\\moodle\\moodle\\admin\\cli\\upgrade.php --non-interactive\r\nDossier courant : C:\\mycode\\UCKK\\moodle\\moodle\r\nCode de sortie : 0\r\nTimeout : False\r\nDurée : 30.425 s\r\n\r\nSTDOUT :\r\n-->theme_ucc\n++ Succès (0,15 secondes) ++\n-->theme_ucmath\n++ Succès (0,12 secondes) ++\n-->local_uckk\n++ Succès (0,19 secondes) ++\n== Réglage des nouvelles valeurs par défaut ==\r\nMise à jour en ligne de commande de la version 5.2.3+ (Build: 20260916) (2026042003.01) à la version 5.2.3+ (Build: 20260916) (2026042003.01) terminée avec succès.\r\n\r\nSTDERR :\r\n(vide)",
      "data": {
        "success": true,
        "timedOut": false,
        "exitCode": 0,
        "stdout": "-->theme_ucc\n++ Succès (0,15 secondes) ++\n-->theme_ucmath\n++ Succès (0,12 secondes) ++\n-->local_uckk\n++ Succès (0,19 secondes) ++\n== Réglage des nouvelles valeurs par défaut ==\r\nMise à jour en ligne de commande de la version 5.2.3+ (Build: 20260916) (2026042003.01) à la version 5.2.3+ (Build: 20260916) (2026042003.01) terminée avec succès.\n",
        "stderr": "",
        "filePath": "php",
        "arguments": [
          "C:\\mycode\\UCKK\\moodle\\moodle\\admin\\cli\\upgrade.php",
          "--non-interactive"
        ],
        "workingDir": "C:\\mycode\\UCKK\\moodle\\moodle",
        "timeoutSeconds": 600,
        "commandLine": "php C:\\mycode\\UCKK\\moodle\\moodle\\admin\\cli\\upgrade.php --non-interactive",
        "startedAt": "2026-09-24 23:32:07.183",
        "finishedAt": "2026-09-24 23:32:37.608",
        "durationSeconds": 30.425
      },
      "timestamp": "2026-09-24 23:32:37"
    }
  ],
  "startedAt": "2026-09-24 23:32:07",
  "finishedAt": "2026-09-24 23:32:37",
  "durationSeconds": 30.0
}


Fin
---
Fin : 2026-09-24 23:32:37
Statut : Terminé
Résumé : Réussi — Moodle local est à jour. Racine CLI utilisée : C:\mycode\UCKK\moodle\moodle

