UCKK Ops Console — log technique

Début : 2026-09-24 21:22:13
Action : Synchroniser source vers Moodle local
Domaine : local
Cible : dossier exécuté par Moodle local

Entrées
-------
[2026-09-24 21:22:13] [INFO] Réussi — la source a été copiée vers Moodle local. 1004 fichier(s) copiés, 2836 ignoré(s).
Données :
{
  "success": true,
  "status": "Réussi",
  "action": "Synchroniser source vers Moodle local",
  "domain": "local",
  "target": "dossier exécuté par Moodle local",
  "dangerLevel": 2,
  "mode": "application",
  "summary": "Réussi — la source a été copiée vers Moodle local. 1004 fichier(s) copiés, 2836 ignoré(s).",
  "warnings": [],
  "errors": [],
  "nextStep": "Purger les caches locaux, puis ouvrir Moodle local.",
  "reportPath": "",
  "logPath": "",
  "data": {
    "source": "C:\\mycode\\UCKK\\uckk-moodle",
    "target": "C:\\mycode\\UCKK\\moodle\\moodle\\public",
    "simulation": false,
    "copied": 1004,
    "skipped": 2836,
    "failed": 0,
    "failureItems": []
  },
  "steps": [
    {
      "name": "Vérifier source locale",
      "status": "Réussi",
      "summary": "Source locale trouvée.",
      "detail": "C:\\mycode\\UCKK\\uckk-moodle",
      "data": null,
      "timestamp": "2026-09-24 21:22:08"
    },
    {
      "name": "Vérifier cible Moodle locale",
      "status": "Réussi",
      "summary": "Cible locale trouvée.",
      "detail": "C:\\mycode\\UCKK\\moodle\\moodle\\public",
      "data": null,
      "timestamp": "2026-09-24 21:22:08"
    },
    {
      "name": "Copier fichiers",
      "status": "Réussi",
      "summary": "1004 fichier(s) traité(s), 2836 ignoré(s).",
      "detail": "",
      "data": {
        "source": "C:\\mycode\\UCKK\\uckk-moodle",
        "target": "C:\\mycode\\UCKK\\moodle\\moodle\\public",
        "simulation": false,
        "copied": 1004,
        "skipped": 2836,
        "failed": 0,
        "failureItems": []
      },
      "timestamp": "2026-09-24 21:22:13"
    }
  ],
  "startedAt": "2026-09-24 21:22:08",
  "finishedAt": "2026-09-24 21:22:13",
  "durationSeconds": 5.0
}


Fin
---
Fin : 2026-09-24 21:22:14
Statut : Terminé
Résumé : Réussi — la source a été copiée vers Moodle local. 1004 fichier(s) copiés, 2836 ignoré(s).

