UCKK Ops Console — log technique

Début : 2026-09-24 19:28:25
Action : Préparer local et ouvrir Moodle
Domaine : local
Cible : Moodle local + base locale

Entrées
-------
[2026-09-24 19:28:25] [INFO] La chaîne locale est terminée. Moodle local est à jour et UCKK a été ouvert.
Données :
{
  "success": true,
  "status": "Réussi",
  "action": "Préparer local et ouvrir Moodle",
  "domain": "local",
  "target": "Moodle local + base locale",
  "dangerLevel": 3,
  "mode": "application",
  "summary": "La chaîne locale est terminée. Moodle local est à jour et UCKK a été ouvert.",
  "warnings": [
    "Moodle est marqué MATURITY_ALPHA. L upgrade CLI exige --allow-unstable. L Ops Console l ajoutera seulement dans l action d upgrade confirmée.",
    "Moodle est marqué MATURITY_ALPHA. --allow-unstable a été ajouté à cette exécution confirmée."
  ],
  "errors": null,
  "nextStep": "Tester ensuite UCC et Math, ou lancer le diagnostic du switcher.",
  "reportPath": "",
  "logPath": "",
  "data": {
    "completed": [
      {
        "id": "configuration.verify",
        "label": "Verifier la configuration",
        "status": "Reussi",
        "summary": "Configuration valide.",
        "result": {
          "success": true,
          "status": "Reussi",
          "action": "Verifier la configuration",
          "domain": "configuration",
          "target": "configuration",
          "dangerLevel": 1,
          "mode": "verification",
          "summary": "Configuration valide.",
          "warnings": [],
          "errors": [],
          "nextStep": "Aucune action requise.",
          "reportPath": "",
          "logPath": "",
          "data": {
            "validation": {
              "success": true,
              "status": "Reussi",
              "issues": [],
              "errors": [],
              "warnings": []
            },
            "configPath": "C:\\mycode\\UCKK\\UCKK_ops_console\\config\\uckk-ops-console.config.json"
          }
        }
      },
      {
        "id": "local.verify.paths",
        "label": "Vérifier les chemins locaux",
        "status": "Réussi",
        "summary": "Réussi — les chemins locaux obligatoires sont présents.",
        "result": {
          "success": true,
          "status": "Réussi",
          "action": "Vérifier les chemins locaux",
          "domain": "local",
          "target": "local",
          "dangerLevel": 1,
          "mode": "vérification",
          "summary": "Réussi — les chemins locaux obligatoires sont présents.",
          "warnings": [],
          "errors": [],
          "nextStep": "Synchroniser source vers Moodle local si nécessaire.",
          "reportPath": "",
          "logPath": "",
          "data": {
            "checks": [
              {
                "label": "Racine de l application",
                "key": "app.root",
                "path": "C:\\mycode\\UCKK\\UCKK_ops_console",
                "exists": true,
                "status": "Réussi",
                "detail": "Chemin trouvé."
              },
              {
                "label": "Source Git locale",
                "key": "paths.uckkMoodleSource",
                "path": "C:\\mycode\\UCKK\\uckk-moodle",
                "exists": true,
                "status": "Réussi",
                "detail": "Chemin trouvé."
              },
              {
                "label": "Moodle local",
                "key": "paths.localMoodleRoot",
                "path": "C:\\mycode\\UCKK\\moodle\\moodle",
                "exists": true,
                "status": "Réussi",
                "detail": "Chemin trouvé."
              },
              {
                "label": "Dossier exécuté par Moodle local",
                "key": "paths.localMoodleRuntime",
                "path": "C:\\mycode\\UCKK\\moodle\\moodle\\public",
                "exists": true,
                "status": "Réussi",
                "detail": "Chemin trouvé."
              },
              {
                "label": "Dossier des rapports",
                "key": "reports.dir",
                "path": "C:\\mycode\\UCKK\\UCKK_ops_console\\reports",
                "exists": true,
                "status": "Réussi",
                "detail": "Chemin trouvé."
              },
              {
                "label": "Dossier des logs",
                "key": "logs.dir",
                "path": "C:\\mycode\\UCKK\\UCKK_ops_console\\logs",
                "exists": true,
                "status": "Réussi",
                "detail": "Chemin trouvé."
              },
              {
                "label": "URL locale",
                "key": "urls.localBase",
                "path": "http://127.0.0.1:8000",
                "exists": true,
                "status": "Réussi",
                "detail": "URL configurée."
              }
            ]
          },
          "steps": [
            {
              "name": "Racine de l application",
              "status": "Réussi",
              "summary": "Chemin trouvé.",
              "detail": "C:\\mycode\\UCKK\\UCKK_ops_console",
              "data": null,
              "timestamp": "2026-09-24 19:27:24"
            },
            {
              "name": "Source Git locale",
              "status": "Réussi",
              "summary": "Chemin trouvé.",
              "detail": "C:\\mycode\\UCKK\\uckk-moodle",
              "data": null,
              "timestamp": "2026-09-24 19:27:24"
            },
            {
              "name": "Moodle local",
              "status": "Réussi",
              "summary": "Chemin trouvé.",
              "detail": "C:\\mycode\\UCKK\\moodle\\moodle",
              "data": null,
              "timestamp": "2026-09-24 19:27:24"
            },
            {
              "name": "Dossier exécuté par Moodle local",
              "status": "Réussi",
              "summary": "Chemin trouvé.",
              "detail": "C:\\mycode\\UCKK\\moodle\\moodle\\public",
              "data": null,
              "timestamp": "2026-09-24 19:27:24"
            },
            {
              "name": "Dossier des rapports",
              "status": "Réussi",
              "summary": "Chemin trouvé.",
              "detail": "C:\\mycode\\UCKK\\UCKK_ops_console\\reports",
              "data": null,
              "timestamp": "2026-09-24 19:27:24"
            },
            {
              "name": "Dossier des logs",
              "status": "Réussi",
              "summary": "Chemin trouvé.",
              "detail": "C:\\mycode\\UCKK\\UCKK_ops_console\\logs",
              "data": null,
              "timestamp": "2026-09-24 19:27:24"
            },
            {
              "name": "URL locale",
              "status": "Réussi",
              "summary": "URL configurée.",
              "detail": "http://127.0.0.1:8000",
              "data": null,
              "timestamp": "2026-09-24 19:27:24"
            }
          ],
          "startedAt": "2026-09-24 19:27:23",
          "finishedAt": "2026-09-24 19:27:24",
          "durationSeconds": 1.0
        }
      },
      {
        "id": "local.moodle_diagnostic",
        "label": "Diagnostiquer Moodle local",
        "status": "Réussi avec avertissements",
        "summary": "Réussi — Moodle CLI est prêt. Racine CLI : C:\\mycode\\UCKK\\moodle\\moodle",
        "result": {
          "success": true,
          "status": "Réussi avec avertissements",
          "action": "Diagnostiquer Moodle local",
          "domain": "local",
          "target": "Moodle local",
          "dangerLevel": 1,
          "mode": "vérification",
          "summary": "Réussi — Moodle CLI est prêt. Racine CLI : C:\\mycode\\UCKK\\moodle\\moodle",
          "warnings": [
            "Moodle est marqué MATURITY_ALPHA. L upgrade CLI exige --allow-unstable. L Ops Console l ajoutera seulement dans l action d upgrade confirmée."
          ],
          "errors": [],
          "nextStep": "Synchroniser les plugins puis lancer l upgrade confirmé. L Ops Console ajoutera --allow-unstable et le consignera dans le rapport.",
          "reportPath": "",
          "logPath": "",
          "data": {
            "phpBinary": "php",
            "phpCheck": {
              "success": true,
              "timedOut": false,
              "exitCode": 0,
              "stdout": "PHP 8.4.21 (cli) (built: May  6 2026 09:30:51) (NTS Visual C++ 2022 x64)\nCopyright (c) The PHP Group\nBuilt by The PHP Group\nZend Engine v4.4.21, Copyright (c) Zend Technologies\n    with Zend OPcache v8.4.21, Copyright (c), by Zend Technologies\n",
              "stderr": "",
              "filePath": "php",
              "arguments": [
                "-v"
              ],
              "workingDir": "C:\\mycode\\UCKK\\moodle\\moodle",
              "timeoutSeconds": 30,
              "commandLine": "php -v",
              "startedAt": "2026-09-24 19:27:24.221",
              "finishedAt": "2026-09-24 19:27:24.464",
              "durationSeconds": 0.243
            },
            "releaseInfo": {
              "success": true,
              "versionFile": "C:\\mycode\\UCKK\\moodle\\moodle\\public\\version.php",
              "versionFileCandidates": [
                "C:\\mycode\\UCKK\\moodle\\moodle\\public\\version.php",
                "C:\\mycode\\UCKK\\moodle\\moodle\\version.php"
              ],
              "version": "2026050100.00",
              "release": "5.3dev (Build: 20260501)",
              "branch": "503",
              "maturity": "MATURITY_ALPHA",
              "isUnstable": true,
              "allowUnstableRequired": true,
              "parseMethod": "line-assignment",
              "parseError": ""
            },
            "upgradeContext": {
              "success": true,
              "scriptRelativePath": "admin/cli/upgrade.php",
              "cliRoot": "C:\\mycode\\UCKK\\moodle\\moodle",
              "scriptPath": "C:\\mycode\\UCKK\\moodle\\moodle\\admin\\cli\\upgrade.php",
              "localMoodleRoot": "C:\\mycode\\UCKK\\moodle\\moodle",
              "localMoodleRuntime": "C:\\mycode\\UCKK\\moodle\\moodle\\public",
              "candidateRoots": [
                "C:\\mycode\\UCKK\\moodle\\moodle",
                "C:\\mycode\\UCKK\\moodle\\moodle\\public"
              ],
              "probes": [
                {
                  "root": "C:\\mycode\\UCKK\\moodle\\moodle",
                  "script": "C:\\mycode\\UCKK\\moodle\\moodle\\admin\\cli\\upgrade.php",
                  "scriptExists": true,
                  "rootExists": true
                },
                {
                  "root": "C:\\mycode\\UCKK\\moodle\\moodle\\public",
                  "script": "C:\\mycode\\UCKK\\moodle\\moodle\\public\\admin\\cli\\upgrade.php",
                  "scriptExists": false,
                  "rootExists": true
                }
              ],
              "configProbes": [
                {
                  "path": "C:\\mycode\\UCKK\\moodle\\moodle\\config.php",
                  "exists": true
                },
                {
                  "path": "C:\\mycode\\UCKK\\moodle\\moodle\\public\\config.php",
                  "exists": true
                }
              ]
            },
            "purgeContext": {
              "success": true,
              "scriptRelativePath": "admin/cli/purge_caches.php",
              "cliRoot": "C:\\mycode\\UCKK\\moodle\\moodle",
              "scriptPath": "C:\\mycode\\UCKK\\moodle\\moodle\\admin\\cli\\purge_caches.php",
              "localMoodleRoot": "C:\\mycode\\UCKK\\moodle\\moodle",
              "localMoodleRuntime": "C:\\mycode\\UCKK\\moodle\\moodle\\public",
              "candidateRoots": [
                "C:\\mycode\\UCKK\\moodle\\moodle",
                "C:\\mycode\\UCKK\\moodle\\moodle\\public"
              ],
              "probes": [
                {
                  "root": "C:\\mycode\\UCKK\\moodle\\moodle",
                  "script": "C:\\mycode\\UCKK\\moodle\\moodle\\admin\\cli\\purge_caches.php",
                  "scriptExists": true,
                  "rootExists": true
                },
                {
                  "root": "C:\\mycode\\UCKK\\moodle\\moodle\\public",
                  "script": "C:\\mycode\\UCKK\\moodle\\moodle\\public\\admin\\cli\\purge_caches.php",
                  "scriptExists": false,
                  "rootExists": true
                }
              ],
              "configProbes": [
                {
                  "path": "C:\\mycode\\UCKK\\moodle\\moodle\\config.php",
                  "exists": true
                },
                {
                  "path": "C:\\mycode\\UCKK\\moodle\\moodle\\public\\config.php",
                  "exists": true
                }
              ]
            }
          },
          "steps": [
            {
              "name": "Vérifier PHP CLI",
              "status": "Réussi",
              "summary": "PHP CLI répond.",
              "detail": "Commande : php -v\r\nDossier courant : C:\\mycode\\UCKK\\moodle\\moodle\r\nCode de sortie : 0\r\nTimeout : False\r\nDurée : 0.243 s\r\n\r\nSTDOUT :\r\nPHP 8.4.21 (cli) (built: May  6 2026 09:30:51) (NTS Visual C++ 2022 x64)\nCopyright (c) The PHP Group\nBuilt by The PHP Group\nZend Engine v4.4.21, Copyright (c) Zend Technologies\n    with Zend OPcache v8.4.21, Copyright (c), by Zend Technologies\r\n\r\nSTDERR :\r\n(vide)",
              "data": {
                "success": true,
                "timedOut": false,
                "exitCode": 0,
                "stdout": "PHP 8.4.21 (cli) (built: May  6 2026 09:30:51) (NTS Visual C++ 2022 x64)\nCopyright (c) The PHP Group\nBuilt by The PHP Group\nZend Engine v4.4.21, Copyright (c) Zend Technologies\n    with Zend OPcache v8.4.21, Copyright (c), by Zend Technologies\n",
                "stderr": "",
                "filePath": "php",
                "arguments": [
                  "-v"
                ],
                "workingDir": "C:\\mycode\\UCKK\\moodle\\moodle",
                "timeoutSeconds": 30,
                "commandLine": "php -v",
                "startedAt": "2026-09-24 19:27:24.221",
                "finishedAt": "2026-09-24 19:27:24.464",
                "durationSeconds": 0.243
              },
              "timestamp": "2026-09-24 19:27:24"
            },
            {
              "name": "Lire version et maturité Moodle",
              "status": "Réussi",
              "summary": "Maturité Moodle : MATURITY_ALPHA",
              "detail": "version.php retenu : C:\\mycode\\UCKK\\moodle\\moodle\\public\\version.php\r\nversion.php testés :\r\n- C:\\mycode\\UCKK\\moodle\\moodle\\public\\version.php => trouvé\r\n- C:\\mycode\\UCKK\\moodle\\moodle\\version.php => absent\r\nVersion : 2026050100.00\r\nRelease : 5.3dev (Build: 20260501)\r\nBranche : 503\r\nMaturité : MATURITY_ALPHA\r\n--allow-unstable requis : True\r\nMéthode de lecture : line-assignment",
              "data": {
                "success": true,
                "versionFile": "C:\\mycode\\UCKK\\moodle\\moodle\\public\\version.php",
                "versionFileCandidates": [
                  "C:\\mycode\\UCKK\\moodle\\moodle\\public\\version.php",
                  "C:\\mycode\\UCKK\\moodle\\moodle\\version.php"
                ],
                "version": "2026050100.00",
                "release": "5.3dev (Build: 20260501)",
                "branch": "503",
                "maturity": "MATURITY_ALPHA",
                "isUnstable": true,
                "allowUnstableRequired": true,
                "parseMethod": "line-assignment",
                "parseError": ""
              },
              "timestamp": "2026-09-24 19:27:24"
            },
            {
              "name": "Résoudre admin/cli/upgrade.php",
              "status": "Réussi",
              "summary": "Script trouvé dans C:\\mycode\\UCKK\\moodle\\moodle.",
              "detail": "Racine code configurée : C:\\mycode\\UCKK\\moodle\\moodle\r\nWebroot configuré : C:\\mycode\\UCKK\\moodle\\moodle\\public\r\nScript demandé : admin/cli/upgrade.php\r\nScript résolu : C:\\mycode\\UCKK\\moodle\\moodle\\admin\\cli\\upgrade.php\r\n\r\nChemins testés :\r\n- C:\\mycode\\UCKK\\moodle\\moodle\\admin\\cli\\upgrade.php => trouvé\r\n- C:\\mycode\\UCKK\\moodle\\moodle\\public\\admin\\cli\\upgrade.php => absent\r\n\r\nconfig.php testés :\r\n- C:\\mycode\\UCKK\\moodle\\moodle\\config.php => trouvé\r\n- C:\\mycode\\UCKK\\moodle\\moodle\\public\\config.php => trouvé",
              "data": {
                "success": true,
                "scriptRelativePath": "admin/cli/upgrade.php",
                "cliRoot": "C:\\mycode\\UCKK\\moodle\\moodle",
                "scriptPath": "C:\\mycode\\UCKK\\moodle\\moodle\\admin\\cli\\upgrade.php",
                "localMoodleRoot": "C:\\mycode\\UCKK\\moodle\\moodle",
                "localMoodleRuntime": "C:\\mycode\\UCKK\\moodle\\moodle\\public",
                "candidateRoots": [
                  "C:\\mycode\\UCKK\\moodle\\moodle",
                  "C:\\mycode\\UCKK\\moodle\\moodle\\public"
                ],
                "probes": [
                  {
                    "root": "C:\\mycode\\UCKK\\moodle\\moodle",
                    "script": "C:\\mycode\\UCKK\\moodle\\moodle\\admin\\cli\\upgrade.php",
                    "scriptExists": true,
                    "rootExists": true
                  },
                  {
                    "root": "C:\\mycode\\UCKK\\moodle\\moodle\\public",
                    "script": "C:\\mycode\\UCKK\\moodle\\moodle\\public\\admin\\cli\\upgrade.php",
                    "scriptExists": false,
                    "rootExists": true
                  }
                ],
                "configProbes": [
                  {
                    "path": "C:\\mycode\\UCKK\\moodle\\moodle\\config.php",
                    "exists": true
                  },
                  {
                    "path": "C:\\mycode\\UCKK\\moodle\\moodle\\public\\config.php",
                    "exists": true
                  }
                ]
              },
              "timestamp": "2026-09-24 19:27:24"
            },
            {
              "name": "Résoudre admin/cli/purge_caches.php",
              "status": "Réussi",
              "summary": "Script trouvé dans C:\\mycode\\UCKK\\moodle\\moodle.",
              "detail": "Racine code configurée : C:\\mycode\\UCKK\\moodle\\moodle\r\nWebroot configuré : C:\\mycode\\UCKK\\moodle\\moodle\\public\r\nScript demandé : admin/cli/purge_caches.php\r\nScript résolu : C:\\mycode\\UCKK\\moodle\\moodle\\admin\\cli\\purge_caches.php\r\n\r\nChemins testés :\r\n- C:\\mycode\\UCKK\\moodle\\moodle\\admin\\cli\\purge_caches.php => trouvé\r\n- C:\\mycode\\UCKK\\moodle\\moodle\\public\\admin\\cli\\purge_caches.php => absent\r\n\r\nconfig.php testés :\r\n- C:\\mycode\\UCKK\\moodle\\moodle\\config.php => trouvé\r\n- C:\\mycode\\UCKK\\moodle\\moodle\\public\\config.php => trouvé",
              "data": {
                "success": true,
                "scriptRelativePath": "admin/cli/purge_caches.php",
                "cliRoot": "C:\\mycode\\UCKK\\moodle\\moodle",
                "scriptPath": "C:\\mycode\\UCKK\\moodle\\moodle\\admin\\cli\\purge_caches.php",
                "localMoodleRoot": "C:\\mycode\\UCKK\\moodle\\moodle",
                "localMoodleRuntime": "C:\\mycode\\UCKK\\moodle\\moodle\\public",
                "candidateRoots": [
                  "C:\\mycode\\UCKK\\moodle\\moodle",
                  "C:\\mycode\\UCKK\\moodle\\moodle\\public"
                ],
                "probes": [
                  {
                    "root": "C:\\mycode\\UCKK\\moodle\\moodle",
                    "script": "C:\\mycode\\UCKK\\moodle\\moodle\\admin\\cli\\purge_caches.php",
                    "scriptExists": true,
                    "rootExists": true
                  },
                  {
                    "root": "C:\\mycode\\UCKK\\moodle\\moodle\\public",
                    "script": "C:\\mycode\\UCKK\\moodle\\moodle\\public\\admin\\cli\\purge_caches.php",
                    "scriptExists": false,
                    "rootExists": true
                  }
                ],
                "configProbes": [
                  {
                    "path": "C:\\mycode\\UCKK\\moodle\\moodle\\config.php",
                    "exists": true
                  },
                  {
                    "path": "C:\\mycode\\UCKK\\moodle\\moodle\\public\\config.php",
                    "exists": true
                  }
                ]
              },
              "timestamp": "2026-09-24 19:27:24"
            }
          ],
          "startedAt": "2026-09-24 19:27:24",
          "finishedAt": "2026-09-24 19:27:24",
          "durationSeconds": 0.0
        }
      },
      {
        "id": "local.sync.source_to_runtime",
        "label": "Synchroniser source vers Moodle local",
        "status": "Réussi",
        "summary": "Réussi — la source a été copiée vers Moodle local. 1004 fichier(s) copiés, 2836 ignoré(s).",
        "result": {
          "success": true,
          "status": "Réussi",
          "action": "Synchroniser source vers Moodle local",
          "domain": "local",
          "target": "dossier exécuté par Moodle local",
          "dangerLevel": 2,
          "mode": "application",
          "summary": "Réussi — la source a été copiée vers Moodle local. 1004 fichier(s) copiés, 2836 ignoré(s).",
          "warnings": [],
          "errors": [],
          "nextStep": "Purger les caches locaux, puis ouvrir Moodle local.",
          "reportPath": "",
          "logPath": "",
          "data": {
            "source": "C:\\mycode\\UCKK\\uckk-moodle",
            "target": "C:\\mycode\\UCKK\\moodle\\moodle\\public",
            "simulation": false,
            "copied": 1004,
            "skipped": 2836,
            "failed": 0,
            "failureItems": []
          },
          "steps": [
            {
              "name": "Vérifier source locale",
              "status": "Réussi",
              "summary": "Source locale trouvée.",
              "detail": "C:\\mycode\\UCKK\\uckk-moodle",
              "data": null,
              "timestamp": "2026-09-24 19:27:24"
            },
            {
              "name": "Vérifier cible Moodle locale",
              "status": "Réussi",
              "summary": "Cible locale trouvée.",
              "detail": "C:\\mycode\\UCKK\\moodle\\moodle\\public",
              "data": null,
              "timestamp": "2026-09-24 19:27:24"
            },
            {
              "name": "Copier fichiers",
              "status": "Réussi",
              "summary": "1004 fichier(s) traité(s), 2836 ignoré(s).",
              "detail": "",
              "data": {
                "source": "C:\\mycode\\UCKK\\uckk-moodle",
                "target": "C:\\mycode\\UCKK\\moodle\\moodle\\public",
                "simulation": false,
                "copied": 1004,
                "skipped": 2836,
                "failed": 0,
                "failureItems": []
              },
              "timestamp": "2026-09-24 19:27:30"
            }
          ],
          "startedAt": "2026-09-24 19:27:24",
          "finishedAt": "2026-09-24 19:27:30",
          "durationSeconds": 6.0
        }
      },
      {
        "id": "local.moodle_upgrade",
        "label": "Mettre à jour Moodle local",
        "status": "Réussi avec avertissements",
        "summary": "Réussi — Moodle local est à jour. Racine CLI utilisée : C:\\mycode\\UCKK\\moodle\\moodle",
        "result": {
          "success": true,
          "status": "Réussi avec avertissements",
          "action": "Mettre à jour Moodle local",
          "domain": "local",
          "target": "base Moodle locale",
          "dangerLevel": 3,
          "mode": "application",
          "summary": "Réussi — Moodle local est à jour. Racine CLI utilisée : C:\\mycode\\UCKK\\moodle\\moodle",
          "warnings": [
            "Moodle est marqué MATURITY_ALPHA. --allow-unstable a été ajouté à cette exécution confirmée."
          ],
          "errors": [],
          "nextStep": "Purger les caches locaux puis démarrer Moodle local.",
          "reportPath": "",
          "logPath": "",
          "data": {
            "phpBinary": "php",
            "cliContext": {
              "success": true,
              "scriptRelativePath": "admin/cli/upgrade.php",
              "cliRoot": "C:\\mycode\\UCKK\\moodle\\moodle",
              "scriptPath": "C:\\mycode\\UCKK\\moodle\\moodle\\admin\\cli\\upgrade.php",
              "localMoodleRoot": "C:\\mycode\\UCKK\\moodle\\moodle",
              "localMoodleRuntime": "C:\\mycode\\UCKK\\moodle\\moodle\\public",
              "candidateRoots": [
                "C:\\mycode\\UCKK\\moodle\\moodle",
                "C:\\mycode\\UCKK\\moodle\\moodle\\public"
              ],
              "probes": [
                {
                  "root": "C:\\mycode\\UCKK\\moodle\\moodle",
                  "script": "C:\\mycode\\UCKK\\moodle\\moodle\\admin\\cli\\upgrade.php",
                  "scriptExists": true,
                  "rootExists": true
                },
                {
                  "root": "C:\\mycode\\UCKK\\moodle\\moodle\\public",
                  "script": "C:\\mycode\\UCKK\\moodle\\moodle\\public\\admin\\cli\\upgrade.php",
                  "scriptExists": false,
                  "rootExists": true
                }
              ],
              "configProbes": [
                {
                  "path": "C:\\mycode\\UCKK\\moodle\\moodle\\config.php",
                  "exists": true
                },
                {
                  "path": "C:\\mycode\\UCKK\\moodle\\moodle\\public\\config.php",
                  "exists": true
                }
              ]
            },
            "releaseInfo": {
              "success": true,
              "versionFile": "C:\\mycode\\UCKK\\moodle\\moodle\\public\\version.php",
              "versionFileCandidates": [
                "C:\\mycode\\UCKK\\moodle\\moodle\\public\\version.php",
                "C:\\mycode\\UCKK\\moodle\\moodle\\version.php"
              ],
              "version": "2026050100.00",
              "release": "5.3dev (Build: 20260501)",
              "branch": "503",
              "maturity": "MATURITY_ALPHA",
              "isUnstable": true,
              "allowUnstableRequired": true,
              "parseMethod": "line-assignment",
              "parseError": ""
            },
            "upgradeArguments": [
              "C:\\mycode\\UCKK\\moodle\\moodle\\admin\\cli\\upgrade.php",
              "--non-interactive",
              "--allow-unstable"
            ],
            "process": {
              "success": true,
              "timedOut": false,
              "exitCode": 0,
              "stdout": "-->theme_ucmath\n++ Succès (0,23 secondes) ++\n-->local_uckk\n++ Succès (0,95 secondes) ++\n== Réglage des nouvelles valeurs par défaut ==\r\nMise à jour en ligne de commande de la version 5.3dev (Build: 20260501) (2026050100) à la version 5.3dev (Build: 20260501) (2026050100) terminée avec succès.\n",
              "stderr": "",
              "filePath": "php",
              "arguments": [
                "C:\\mycode\\UCKK\\moodle\\moodle\\admin\\cli\\upgrade.php",
                "--non-interactive",
                "--allow-unstable"
              ],
              "workingDir": "C:\\mycode\\UCKK\\moodle\\moodle",
              "timeoutSeconds": 600,
              "commandLine": "php C:\\mycode\\UCKK\\moodle\\moodle\\admin\\cli\\upgrade.php --non-interactive --allow-unstable",
              "startedAt": "2026-09-24 19:27:30.075",
              "finishedAt": "2026-09-24 19:28:17.826",
              "durationSeconds": 47.751
            }
          },
          "steps": [
            {
              "name": "Résoudre racine CLI Moodle",
              "status": "Réussi",
              "summary": "Script upgrade Moodle trouvé.",
              "detail": "Racine code Moodle : C:\\mycode\\UCKK\\moodle\\moodle\r\nWebroot Moodle : C:\\mycode\\UCKK\\moodle\\moodle\\public\r\nScript demandé : admin/cli/upgrade.php\r\nRacine CLI retenue : C:\\mycode\\UCKK\\moodle\\moodle\r\nScript retenu : C:\\mycode\\UCKK\\moodle\\moodle\\admin\\cli\\upgrade.php\r\nversion.php retenu : C:\\mycode\\UCKK\\moodle\\moodle\\public\\version.php\r\nVersion Moodle : 2026050100.00\r\nRelease Moodle : 5.3dev (Build: 20260501)\r\nMaturité Moodle : MATURITY_ALPHA\r\n--allow-unstable requis : True\r\nMéthode de lecture version.php : line-assignment\r\n\r\nCandidats testés :\r\n- C:\\mycode\\UCKK\\moodle\\moodle\\admin\\cli\\upgrade.php => trouvé\r\n- C:\\mycode\\UCKK\\moodle\\moodle\\public\\admin\\cli\\upgrade.php => absent",
              "data": {
                "success": true,
                "scriptRelativePath": "admin/cli/upgrade.php",
                "cliRoot": "C:\\mycode\\UCKK\\moodle\\moodle",
                "scriptPath": "C:\\mycode\\UCKK\\moodle\\moodle\\admin\\cli\\upgrade.php",
                "localMoodleRoot": "C:\\mycode\\UCKK\\moodle\\moodle",
                "localMoodleRuntime": "C:\\mycode\\UCKK\\moodle\\moodle\\public",
                "candidateRoots": [
                  "C:\\mycode\\UCKK\\moodle\\moodle",
                  "C:\\mycode\\UCKK\\moodle\\moodle\\public"
                ],
                "probes": [
                  {
                    "root": "C:\\mycode\\UCKK\\moodle\\moodle",
                    "script": "C:\\mycode\\UCKK\\moodle\\moodle\\admin\\cli\\upgrade.php",
                    "scriptExists": true,
                    "rootExists": true
                  },
                  {
                    "root": "C:\\mycode\\UCKK\\moodle\\moodle\\public",
                    "script": "C:\\mycode\\UCKK\\moodle\\moodle\\public\\admin\\cli\\upgrade.php",
                    "scriptExists": false,
                    "rootExists": true
                  }
                ],
                "configProbes": [
                  {
                    "path": "C:\\mycode\\UCKK\\moodle\\moodle\\config.php",
                    "exists": true
                  },
                  {
                    "path": "C:\\mycode\\UCKK\\moodle\\moodle\\public\\config.php",
                    "exists": true
                  }
                ]
              },
              "timestamp": "2026-09-24 19:27:30"
            },
            {
              "name": "Autoriser version Moodle instable",
              "status": "Réussi avec avertissements",
              "summary": "Option --allow-unstable ajoutée car la maturité est MATURITY_ALPHA.",
              "detail": "Cette option est limitée à cette commande locale et ne modifie aucune politique globale.",
              "data": {
                "success": true,
                "versionFile": "C:\\mycode\\UCKK\\moodle\\moodle\\public\\version.php",
                "versionFileCandidates": [
                  "C:\\mycode\\UCKK\\moodle\\moodle\\public\\version.php",
                  "C:\\mycode\\UCKK\\moodle\\moodle\\version.php"
                ],
                "version": "2026050100.00",
                "release": "5.3dev (Build: 20260501)",
                "branch": "503",
                "maturity": "MATURITY_ALPHA",
                "isUnstable": true,
                "allowUnstableRequired": true,
                "parseMethod": "line-assignment",
                "parseError": ""
              },
              "timestamp": "2026-09-24 19:27:30"
            },
            {
              "name": "Exécuter upgrade Moodle local",
              "status": "Réussi",
              "summary": "Upgrade Moodle local terminé.",
              "detail": "Commande : php C:\\mycode\\UCKK\\moodle\\moodle\\admin\\cli\\upgrade.php --non-interactive --allow-unstable\r\nDossier courant : C:\\mycode\\UCKK\\moodle\\moodle\r\nCode de sortie : 0\r\nTimeout : False\r\nDurée : 47.751 s\r\n\r\nSTDOUT :\r\n-->theme_ucmath\n++ Succès (0,23 secondes) ++\n-->local_uckk\n++ Succès (0,95 secondes) ++\n== Réglage des nouvelles valeurs par défaut ==\r\nMise à jour en ligne de commande de la version 5.3dev (Build: 20260501) (2026050100) à la version 5.3dev (Build: 20260501) (2026050100) terminée avec succès.\r\n\r\nSTDERR :\r\n(vide)",
              "data": {
                "success": true,
                "timedOut": false,
                "exitCode": 0,
                "stdout": "-->theme_ucmath\n++ Succès (0,23 secondes) ++\n-->local_uckk\n++ Succès (0,95 secondes) ++\n== Réglage des nouvelles valeurs par défaut ==\r\nMise à jour en ligne de commande de la version 5.3dev (Build: 20260501) (2026050100) à la version 5.3dev (Build: 20260501) (2026050100) terminée avec succès.\n",
                "stderr": "",
                "filePath": "php",
                "arguments": [
                  "C:\\mycode\\UCKK\\moodle\\moodle\\admin\\cli\\upgrade.php",
                  "--non-interactive",
                  "--allow-unstable"
                ],
                "workingDir": "C:\\mycode\\UCKK\\moodle\\moodle",
                "timeoutSeconds": 600,
                "commandLine": "php C:\\mycode\\UCKK\\moodle\\moodle\\admin\\cli\\upgrade.php --non-interactive --allow-unstable",
                "startedAt": "2026-09-24 19:27:30.075",
                "finishedAt": "2026-09-24 19:28:17.826",
                "durationSeconds": 47.751
              },
              "timestamp": "2026-09-24 19:28:17"
            }
          ],
          "startedAt": "2026-09-24 19:27:30",
          "finishedAt": "2026-09-24 19:28:17",
          "durationSeconds": 47.0
        }
      },
      {
        "id": "local.purge_caches",
        "label": "Purger les caches locaux",
        "status": "Réussi",
        "summary": "Réussi — les caches Moodle locaux ont été purgés. Racine CLI utilisée : C:\\mycode\\UCKK\\moodle\\moodle",
        "result": {
          "success": true,
          "status": "Réussi",
          "action": "Purger les caches locaux",
          "domain": "local",
          "target": "Moodle local",
          "dangerLevel": 2,
          "mode": "application",
          "summary": "Réussi — les caches Moodle locaux ont été purgés. Racine CLI utilisée : C:\\mycode\\UCKK\\moodle\\moodle",
          "warnings": [],
          "errors": [],
          "nextStep": "Ouvrir Moodle local et vérifier les pages concernées.",
          "reportPath": "",
          "logPath": "",
          "data": {
            "phpBinary": "php",
            "cliContext": {
              "success": true,
              "scriptRelativePath": "admin/cli/purge_caches.php",
              "cliRoot": "C:\\mycode\\UCKK\\moodle\\moodle",
              "scriptPath": "C:\\mycode\\UCKK\\moodle\\moodle\\admin\\cli\\purge_caches.php",
              "localMoodleRoot": "C:\\mycode\\UCKK\\moodle\\moodle",
              "localMoodleRuntime": "C:\\mycode\\UCKK\\moodle\\moodle\\public",
              "candidateRoots": [
                "C:\\mycode\\UCKK\\moodle\\moodle",
                "C:\\mycode\\UCKK\\moodle\\moodle\\public"
              ],
              "probes": [
                {
                  "root": "C:\\mycode\\UCKK\\moodle\\moodle",
                  "script": "C:\\mycode\\UCKK\\moodle\\moodle\\admin\\cli\\purge_caches.php",
                  "scriptExists": true,
                  "rootExists": true
                },
                {
                  "root": "C:\\mycode\\UCKK\\moodle\\moodle\\public",
                  "script": "C:\\mycode\\UCKK\\moodle\\moodle\\public\\admin\\cli\\purge_caches.php",
                  "scriptExists": false,
                  "rootExists": true
                }
              ],
              "configProbes": [
                {
                  "path": "C:\\mycode\\UCKK\\moodle\\moodle\\config.php",
                  "exists": true
                },
                {
                  "path": "C:\\mycode\\UCKK\\moodle\\moodle\\public\\config.php",
                  "exists": true
                }
              ]
            },
            "process": {
              "success": true,
              "timedOut": false,
              "exitCode": 0,
              "stdout": "",
              "stderr": "",
              "filePath": "php",
              "arguments": [
                "C:\\mycode\\UCKK\\moodle\\moodle\\admin\\cli\\purge_caches.php"
              ],
              "workingDir": "C:\\mycode\\UCKK\\moodle\\moodle",
              "timeoutSeconds": 180,
              "commandLine": "php C:\\mycode\\UCKK\\moodle\\moodle\\admin\\cli\\purge_caches.php",
              "startedAt": "2026-09-24 19:28:17.871",
              "finishedAt": "2026-09-24 19:28:22.550",
              "durationSeconds": 4.679
            }
          },
          "steps": [
            {
              "name": "Résoudre racine CLI Moodle",
              "status": "Réussi",
              "summary": "Script de purge Moodle trouvé.",
              "detail": "Racine code Moodle : C:\\mycode\\UCKK\\moodle\\moodle\r\nWebroot Moodle : C:\\mycode\\UCKK\\moodle\\moodle\\public\r\nScript demandé : admin/cli/purge_caches.php\r\nRacine CLI retenue : C:\\mycode\\UCKK\\moodle\\moodle\r\nScript retenu : C:\\mycode\\UCKK\\moodle\\moodle\\admin\\cli\\purge_caches.php\r\n\r\nCandidats testés :\r\n- C:\\mycode\\UCKK\\moodle\\moodle\\admin\\cli\\purge_caches.php => trouvé\r\n- C:\\mycode\\UCKK\\moodle\\moodle\\public\\admin\\cli\\purge_caches.php => absent",
              "data": {
                "success": true,
                "scriptRelativePath": "admin/cli/purge_caches.php",
                "cliRoot": "C:\\mycode\\UCKK\\moodle\\moodle",
                "scriptPath": "C:\\mycode\\UCKK\\moodle\\moodle\\admin\\cli\\purge_caches.php",
                "localMoodleRoot": "C:\\mycode\\UCKK\\moodle\\moodle",
                "localMoodleRuntime": "C:\\mycode\\UCKK\\moodle\\moodle\\public",
                "candidateRoots": [
                  "C:\\mycode\\UCKK\\moodle\\moodle",
                  "C:\\mycode\\UCKK\\moodle\\moodle\\public"
                ],
                "probes": [
                  {
                    "root": "C:\\mycode\\UCKK\\moodle\\moodle",
                    "script": "C:\\mycode\\UCKK\\moodle\\moodle\\admin\\cli\\purge_caches.php",
                    "scriptExists": true,
                    "rootExists": true
                  },
                  {
                    "root": "C:\\mycode\\UCKK\\moodle\\moodle\\public",
                    "script": "C:\\mycode\\UCKK\\moodle\\moodle\\public\\admin\\cli\\purge_caches.php",
                    "scriptExists": false,
                    "rootExists": true
                  }
                ],
                "configProbes": [
                  {
                    "path": "C:\\mycode\\UCKK\\moodle\\moodle\\config.php",
                    "exists": true
                  },
                  {
                    "path": "C:\\mycode\\UCKK\\moodle\\moodle\\public\\config.php",
                    "exists": true
                  }
                ]
              },
              "timestamp": "2026-09-24 19:28:17"
            },
            {
              "name": "Exécuter purge caches",
              "status": "Réussi",
              "summary": "Caches Moodle locaux purgés.",
              "detail": "Commande : php C:\\mycode\\UCKK\\moodle\\moodle\\admin\\cli\\purge_caches.php\r\nDossier courant : C:\\mycode\\UCKK\\moodle\\moodle\r\nCode de sortie : 0\r\nTimeout : False\r\nDurée : 4.679 s\r\n\r\nSTDOUT :\r\n(vide)\r\n\r\nSTDERR :\r\n(vide)",
              "data": {
                "success": true,
                "timedOut": false,
                "exitCode": 0,
                "stdout": "",
                "stderr": "",
                "filePath": "php",
                "arguments": [
                  "C:\\mycode\\UCKK\\moodle\\moodle\\admin\\cli\\purge_caches.php"
                ],
                "workingDir": "C:\\mycode\\UCKK\\moodle\\moodle",
                "timeoutSeconds": 180,
                "commandLine": "php C:\\mycode\\UCKK\\moodle\\moodle\\admin\\cli\\purge_caches.php",
                "startedAt": "2026-09-24 19:28:17.871",
                "finishedAt": "2026-09-24 19:28:22.550",
                "durationSeconds": 4.679
              },
              "timestamp": "2026-09-24 19:28:22"
            }
          ],
          "startedAt": "2026-09-24 19:28:17",
          "finishedAt": "2026-09-24 19:28:22",
          "durationSeconds": 5.0
        }
      },
      {
        "id": "local.start_moodle",
        "label": "Démarrer Moodle local",
        "status": "Réussi",
        "summary": "Réussi — Moodle local répond déjà : http://127.0.0.1:8000",
        "result": {
          "success": true,
          "status": "Réussi",
          "action": "Démarrer Moodle local",
          "domain": "local",
          "target": "Moodle local",
          "dangerLevel": 2,
          "mode": "application",
          "summary": "Réussi — Moodle local répond déjà : http://127.0.0.1:8000",
          "warnings": [],
          "errors": [],
          "nextStep": "Ouvrir Moodle local ou tester les pages locales.",
          "reportPath": "",
          "logPath": "",
          "data": {
            "baseUrl": "http://127.0.0.1:8000",
            "localRuntime": "C:\\mycode\\UCKK\\moodle\\moodle\\public",
            "phpBinary": "php",
            "alreadyReady": true,
            "check": {
              "success": true,
              "url": "http://127.0.0.1:8000",
              "statusCode": 200,
              "detail": "OK"
            }
          },
          "steps": [
            {
              "name": "Vérifier Moodle local",
              "status": "Réussi",
              "summary": "Moodle local répond déjà.",
              "detail": "http://127.0.0.1:8000",
              "data": {
                "success": true,
                "url": "http://127.0.0.1:8000",
                "statusCode": 200,
                "detail": "OK"
              },
              "timestamp": "2026-09-24 19:28:24"
            }
          ],
          "startedAt": "2026-09-24 19:28:22",
          "finishedAt": "2026-09-24 19:28:24",
          "durationSeconds": 2.0
        }
      },
      {
        "id": "local.open_uckk",
        "label": "Ouvrir UCKK",
        "status": "À vérifier dans le navigateur",
        "summary": "Réussi — Moodle local répond et a été ouvert : http://127.0.0.1:8000/?theme=uckk",
        "result": {
          "success": true,
          "status": "À vérifier dans le navigateur",
          "action": "Ouvrir UCKK",
          "domain": "local",
          "target": "façade locale uckk",
          "dangerLevel": 0,
          "mode": "navigation",
          "summary": "Réussi — Moodle local répond et a été ouvert : http://127.0.0.1:8000/?theme=uckk",
          "warnings": [],
          "errors": [],
          "nextStep": "Vérifier la façade UCKK dans le navigateur.",
          "reportPath": "",
          "logPath": "",
          "data": {
            "baseUrl": "http://127.0.0.1:8000",
            "url": "http://127.0.0.1:8000/?theme=uckk",
            "baseCheck": {
              "success": true,
              "url": "http://127.0.0.1:8000",
              "statusCode": 200,
              "detail": "OK"
            }
          },
          "steps": [
            {
              "name": "Vérifier Moodle local",
              "status": "Réussi",
              "summary": "Moodle local répond déjà.",
              "detail": "http://127.0.0.1:8000",
              "data": {
                "success": true,
                "url": "http://127.0.0.1:8000",
                "statusCode": 200,
                "detail": "OK"
              },
              "timestamp": "2026-09-24 19:28:24"
            },
            {
              "name": "Ouvrir navigateur",
              "status": "Réussi",
              "summary": "Navigateur ouvert.",
              "detail": "http://127.0.0.1:8000/?theme=uckk",
              "data": null,
              "timestamp": "2026-09-24 19:28:25"
            }
          ],
          "startedAt": "2026-09-24 19:28:24",
          "finishedAt": "2026-09-24 19:28:25",
          "durationSeconds": 1.0
        }
      }
    ],
    "totalSteps": 8
  },
  "steps": null,
  "startedAt": "2026-09-24 19:28:25",
  "finishedAt": "",
  "durationSeconds": null
}


Fin
---
Fin : 2026-09-24 19:28:25
Statut : Terminé
Résumé : La chaîne locale est terminée. Moodle local est à jour et UCKK a été ouvert.

