UCKK Ops Console — log technique

Début : 2026-09-24 21:23:20
Action : Ouvrir UCC
Domaine : local
Cible : façade UCC

Entrées
-------
[2026-09-24 21:23:20] [INFO] Réussi — Moodle local répond et a été ouvert : http://127.0.0.1:8000/?theme=ucc
Données :
{
  "success": true,
  "status": "À vérifier dans le navigateur",
  "action": "Ouvrir UCC — Univers-Cité Catho",
  "domain": "local",
  "target": "façade locale ucc",
  "dangerLevel": 0,
  "mode": "navigation",
  "summary": "Réussi — Moodle local répond et a été ouvert : http://127.0.0.1:8000/?theme=ucc",
  "warnings": [],
  "errors": [],
  "nextStep": "Vérifier la façade UCC — Univers-Cité Catho dans le navigateur.",
  "reportPath": "",
  "logPath": "",
  "data": {
    "baseUrl": "http://127.0.0.1:8000",
    "url": "http://127.0.0.1:8000/?theme=ucc",
    "baseCheck": {
      "success": true,
      "url": "http://127.0.0.1:8000",
      "statusCode": 200,
      "detail": "OK"
    }
  },
  "steps": [
    {
      "name": "Vérifier Moodle local",
      "status": "Réussi",
      "summary": "Moodle local répond déjà.",
      "detail": "http://127.0.0.1:8000",
      "data": {
        "success": true,
        "url": "http://127.0.0.1:8000",
        "statusCode": 200,
        "detail": "OK"
      },
      "timestamp": "2026-09-24 21:23:20"
    },
    {
      "name": "Ouvrir navigateur",
      "status": "Réussi",
      "summary": "Navigateur ouvert.",
      "detail": "http://127.0.0.1:8000/?theme=ucc",
      "data": null,
      "timestamp": "2026-09-24 21:23:20"
    }
  ],
  "startedAt": "2026-09-24 21:23:19",
  "finishedAt": "2026-09-24 21:23:20",
  "durationSeconds": 1.0
}


Fin
---
Fin : 2026-09-24 21:23:20
Statut : Terminé
Résumé : Réussi — Moodle local répond et a été ouvert : http://127.0.0.1:8000/?theme=ucc

