UCKK Ops Console — log technique

Début : 2026-09-24 22:23:50
Action : Synchroniser source vers Moodle local
Domaine : local
Cible : dossier exécuté par Moodle local

Entrées
-------
[2026-09-24 22:23:50] [INFO] Réussi — la source a été copiée vers Moodle local. 1006 fichier(s) copiés, 2834 ignoré(s).
Données :
{
  "success": true,
  "status": "Réussi",
  "action": "Synchroniser source vers Moodle local",
  "domain": "local",
  "target": "dossier exécuté par Moodle local",
  "dangerLevel": 2,
  "mode": "application",
  "summary": "Réussi — la source a été copiée vers Moodle local. 1006 fichier(s) copiés, 2834 ignoré(s).",
  "warnings": [],
  "errors": [],
  "nextStep": "Purger les caches locaux, puis ouvrir Moodle local.",
  "reportPath": "",
  "logPath": "",
  "data": {
    "source": "C:\\mycode\\UCKK\\uckk-moodle",
    "target": "C:\\mycode\\UCKK\\moodle\\moodle\\public",
    "simulation": false,
    "copied": 1006,
    "skipped": 2834,
    "failed": 0,
    "failureItems": []
  },
  "steps": [
    {
      "name": "Vérifier source locale",
      "status": "Réussi",
      "summary": "Source locale trouvée.",
      "detail": "C:\\mycode\\UCKK\\uckk-moodle",
      "data": null,
      "timestamp": "2026-09-24 22:23:45"
    },
    {
      "name": "Vérifier cible Moodle locale",
      "status": "Réussi",
      "summary": "Cible locale trouvée.",
      "detail": "C:\\mycode\\UCKK\\moodle\\moodle\\public",
      "data": null,
      "timestamp": "2026-09-24 22:23:45"
    },
    {
      "name": "Copier fichiers",
      "status": "Réussi",
      "summary": "1006 fichier(s) traité(s), 2834 ignoré(s).",
      "detail": "",
      "data": {
        "source": "C:\\mycode\\UCKK\\uckk-moodle",
        "target": "C:\\mycode\\UCKK\\moodle\\moodle\\public",
        "simulation": false,
        "copied": 1006,
        "skipped": 2834,
        "failed": 0,
        "failureItems": []
      },
      "timestamp": "2026-09-24 22:23:49"
    }
  ],
  "startedAt": "2026-09-24 22:23:45",
  "finishedAt": "2026-09-24 22:23:49",
  "durationSeconds": 4.0
}


Fin
---
Fin : 2026-09-24 22:23:50
Statut : Terminé
Résumé : Réussi — la source a été copiée vers Moodle local. 1006 fichier(s) copiés, 2834 ignoré(s).

