UCKK Ops Console — log technique

Début : 2026-09-24 22:23:58
Action : Mettre à jour Moodle local
Domaine : local
Cible : base Moodle locale

Entrées
-------
[2026-09-24 22:23:58] [INFO] Réussi — Moodle local est à jour.
Données :
{
  "success": true,
  "status": "Réussi",
  "action": "Mettre à jour Moodle local",
  "domain": "local",
  "target": "base Moodle locale",
  "dangerLevel": 3,
  "mode": "application",
  "summary": "Réussi — Moodle local est à jour.",
  "warnings": [],
  "errors": [],
  "nextStep": "Purger les caches locaux puis démarrer Moodle local.",
  "reportPath": "",
  "logPath": "",
  "data": {
    "phpBinary": "php",
    "upgradeRoot": "C:\\mycode\\UCKK\\moodle\\moodle",
    "upgradeScript": "C:\\mycode\\UCKK\\moodle\\moodle\\admin\\cli\\upgrade.php",
    "candidateRoots": [
      "C:\\mycode\\UCKK\\moodle\\moodle\\public",
      "C:\\mycode\\UCKK\\moodle\\moodle"
    ],
    "process": {
      "success": true,
      "timedOut": false,
      "exitCode": 0,
      "stdout": "",
      "stderr": "Aucune mise à jour nécessaire pour la version installée 5.2.3+ (Build: 20260916) (2026042003.01). C’était quand même sympa de venir !\r\n\r\n",
      "filePath": "php",
      "arguments": [
        "C:\\mycode\\UCKK\\moodle\\moodle\\admin\\cli\\upgrade.php",
        "--non-interactive"
      ],
      "workingDir": "C:\\mycode\\UCKK\\moodle\\moodle",
      "timeoutSecond": 600
    }
  },
  "steps": [
    {
      "name": "Vérifier script upgrade Moodle",
      "status": "Réussi",
      "summary": "Script Moodle trouvé.",
      "detail": "C:\\mycode\\UCKK\\moodle\\moodle\\admin\\cli\\upgrade.php",
      "data": null,
      "timestamp": "2026-09-24 22:23:54"
    },
    {
      "name": "Exécuter upgrade Moodle local",
      "status": "Réussi",
      "summary": "Upgrade Moodle local terminé.",
      "detail": "",
      "data": {
        "success": true,
        "timedOut": false,
        "exitCode": 0,
        "stdout": "",
        "stderr": "Aucune mise à jour nécessaire pour la version installée 5.2.3+ (Build: 20260916) (2026042003.01). C’était quand même sympa de venir !\r\n\r\n",
        "filePath": "php",
        "arguments": [
          "C:\\mycode\\UCKK\\moodle\\moodle\\admin\\cli\\upgrade.php",
          "--non-interactive"
        ],
        "workingDir": "C:\\mycode\\UCKK\\moodle\\moodle",
        "timeoutSecond": 600
      },
      "timestamp": "2026-09-24 22:23:58"
    }
  ],
  "startedAt": "2026-09-24 22:23:54",
  "finishedAt": "2026-09-24 22:23:58",
  "durationSeconds": 4.0
}


Fin
---
Fin : 2026-09-24 22:23:58
Statut : Terminé
Résumé : Réussi — Moodle local est à jour.

