UCKK Ops Console — log technique

Début : 2026-09-25 11:54:23
Action : Simulation cours locaux
Domaine : moodle-data
Cible : base Moodle locale

Entrées
-------
[2026-09-25 11:54:23] [ERROR] L action a échoué.
Données :
{
  "success": false,
  "status": "Échoué",
  "action": "Simulation cours locaux",
  "domain": "moodle-data",
  "target": "base Moodle locale",
  "dangerLevel": 1,
  "mode": "simulation",
  "summary": "L action a échoué.",
  "warnings": [],
  "errors": [
    "Nous ne pouvons pas traiter la transformation d’argument sur le paramètre « Config ». Impossible de convertir la valeur « @{schemaVersion=1; app=; paths=; urls=; server=; git=; moodle=; mediatheque=; moodleData=; sync=; reports=; logs=; safety=; publicFacades=; ui=} » en type « System.Collections.Hashtable ». Erreur : « Impossible de convertir la valeur « @{schemaVersion=1; app=; paths=; urls=; server=; git=; moodle=; mediatheque=; moodleData=; sync=; reports=; logs=; safety=; publicFacades=; ui=} » de type « System.Management.Automation.PSCustomObject » en type « System.Collections.Hashtable ». »"
  ],
  "nextStep": "Lire le détail technique et corriger le module.",
  "reportPath": "",
  "logPath": "",
  "data": {}
}


Fin
---
Fin : 2026-09-25 11:54:23
Statut : Terminé
Résumé : L action a échoué.

