UCKK Ops Console — log technique

Début : 2026-09-25 18:06:21
Action : Ouvrir Moodle local
Domaine : local
Cible : Moodle local

Entrées
-------
[2026-09-25 18:06:21] [ERROR] Réussi — Moodle local répond et a été ouvert : http://127.0.0.1:8000/?theme=uckk
Données :
{
  "success": false,
  "status": "Échoué",
  "action": "Ouvrir Moodle local",
  "domain": "local",
  "target": "Moodle local",
  "dangerLevel": 0,
  "mode": "navigation",
  "summary": "Réussi — Moodle local répond et a été ouvert : http://127.0.0.1:8000/?theme=uckk",
  "warnings": [],
  "errors": [],
  "nextStep": "Vérifier la page dans le navigateur.",
  "reportPath": "",
  "logPath": "",
  "data": {
    "baseUrl": "http://127.0.0.1:8000",
    "url": "http://127.0.0.1:8000/?theme=uckk",
    "baseCheck": {
      "success": true,
      "url": "http://127.0.0.1:8000",
      "statusCode": 200,
      "detail": "OK"
    }
  },
  "steps": [
    {
      "name": "Vérifier Moodle local",
      "status": "Échoué",
      "summary": "Moodle local ne répond pas encore.",
      "detail": "Aucune connexion n’a pu être établie car l’ordinateur cible l’a expressément refusée. (127.0.0.1:8000)",
      "data": {
        "success": false,
        "url": "http://127.0.0.1:8000",
        "statusCode": null,
        "detail": "Aucune connexion n’a pu être établie car l’ordinateur cible l’a expressément refusée. (127.0.0.1:8000)"
      },
      "timestamp": "2026-09-25 18:06:16"
    },
    {
      "name": "Démarrer Moodle local",
      "status": "Réussi",
      "summary": "Réussi — Moodle local a été démarré et répond : http://127.0.0.1:8000",
      "detail": "Ouvrir Moodle local ou tester les pages locales.",
      "data": {
        "success": true,
        "status": "Réussi",
        "action": "Démarrer Moodle local",
        "domain": "local",
        "target": "Moodle local",
        "dangerLevel": 2,
        "mode": "application",
        "summary": "Réussi — Moodle local a été démarré et répond : http://127.0.0.1:8000",
        "warnings": [],
        "errors": [],
        "nextStep": "Ouvrir Moodle local ou tester les pages locales.",
        "reportPath": "",
        "logPath": "",
        "data": {
          "baseUrl": "http://127.0.0.1:8000",
          "localRuntime": "C:\\mycode\\UCKK\\moodle\\moodle\\public",
          "phpBinary": "php",
          "arguments": [
            "-S",
            "127.0.0.1:8000",
            "-t",
            "C:\\mycode\\UCKK\\moodle\\moodle\\public"
          ],
          "processId": 48948,
          "readyCheck": {
            "success": true,
            "url": "http://127.0.0.1:8000",
            "statusCode": 200,
            "detail": "OK"
          }
        },
        "steps": [
          {
            "name": "Lancer serveur PHP local",
            "status": "Réussi",
            "summary": "Serveur PHP local lancé.",
            "detail": "php -S 127.0.0.1:8000 -t C:\\mycode\\UCKK\\moodle\\moodle\\public",
            "data": {
              "runtime": "C:\\mycode\\UCKK\\moodle\\moodle\\public",
              "baseUrl": "http://127.0.0.1:8000",
              "processId": 48948
            },
            "timestamp": "2026-09-25 18:06:18"
          },
          {
            "name": "Attendre Moodle local",
            "status": "Réussi",
            "summary": "Moodle local répond.",
            "detail": "http://127.0.0.1:8000",
            "data": {
              "success": true,
              "url": "http://127.0.0.1:8000",
              "statusCode": 200,
              "detail": "OK"
            },
            "timestamp": "2026-09-25 18:06:21"
          }
        ],
        "startedAt": "2026-09-25 18:06:16",
        "finishedAt": "2026-09-25 18:06:21",
        "durationSeconds": 5.0
      },
      "timestamp": "2026-09-25 18:06:21"
    },
    {
      "name": "Ouvrir navigateur",
      "status": "Réussi",
      "summary": "Navigateur ouvert.",
      "detail": "http://127.0.0.1:8000/?theme=uckk",
      "data": null,
      "timestamp": "2026-09-25 18:06:21"
    }
  ],
  "startedAt": "2026-09-25 18:06:14",
  "finishedAt": "2026-09-25 18:06:21",
  "durationSeconds": 7.0
}


Fin
---
Fin : 2026-09-25 18:06:21
Statut : Terminé
Résumé : Réussi — Moodle local répond et a été ouvert : http://127.0.0.1:8000/?theme=uckk

